2:s,1:s,5:s,2:s,2:s,2:s,7:s;0#
pub[0],value = 2,color = s
pub[1],value = 2,color = s
pub[2],value = 2,color = s
pub[3],value = 5,color = s
pub[4],value = 7,color = s
poker[0] = 2 ,poker[1] = 2 ,poker[2] = 2 ,poker[3] = 5 ,poker[4] = 7 ,
poker[0] = 2 ,poker[1] = 2 ,poker[2] = 2 ,poker[3] = 5 ,poker[4] = 7 ,
base[0] = 2 ,base[1] = 2 ,base[2] = 2 ,base[3] = 5 ,base[4] = 7 ,
find[0] = 3 ,find[1] = 4 ,find[2] = 5 ,
len2 = 3
base[0] = 2 ,base[1] = 2 ,base[2] = 2 ,base[3] = 5 ,base[4] = 7 ,
find[0] = 0 ,find[1] = 3 ,find[2] = 4 ,
len2 = 3
base[0] = 2 ,base[1] = 2 ,base[2] = 2 ,base[3] = 5 ,base[4] = 7 ,
find[0] = -1 ,find[1] = 0 ,find[2] = 3 ,
len2 = 3
base[0] = 2 ,base[1] = 2 ,base[2] = 2 ,base[3] = 5 ,base[4] = 7 ,
find[0] = -2 ,find[1] = -1 ,find[2] = 0 ,
len2 = 3
is none-straight, just color ,count = 5
[fast_poker_algo] result1 = 16
base[0] = 2 ,base[1] = 2 ,base[2] = 2 ,base[3] = 5 ,base[4] = 7 ,
find[0] = 1 ,find[1] = 1 ,find[2] = 1 ,
len2 = 3
base[0] = 2 ,base[1] = 2 ,base[2] = 2 ,base[3] = 5 ,base[4] = 7 ,
find[0] = 2 ,find[1] = 2 ,find[2] = 2 ,
len2 = 3
finded ,four poker from 3 pub,value = 2
[fast_poker_algo] result2 = 18
loc = 0
give_result = 18,result = 18
Success,Success... count = 1
count_result_type[0] = 0 ,count_result_type[1] = 0 ,count_result_type[2] = 0 ,count_result_type[3] = 0 ,count_result_type[4] = 0 ,count_result_type[5] = 0 ,count_result_type[6] = 0 ,count_result_type[7] = 0 ,count_result_type[8] = 1 ,count_result_type[9] = 0 ,count_result_type[10] = 0 ,
best_chance[0] .value = 1,.color = s
best_chance[1] .value = 2,.color = s
best_chance[2] .value = 2,.color = s
best_chance[3] .value = 2,.color = s
best_chance[4] .value = 2,.color = s

2:s,2:s,1:s,2:s,2:s,7:s,5:s;0#
pub[0],value = 1,color = s
pub[1],value = 2,color = s
pub[2],value = 2,color = s
pub[3],value = 5,color = s
pub[4],value = 7,color = s
poker[0] = 1 ,poker[1] = 2 ,poker[2] = 2 ,poker[3] = 5 ,poker[4] = 7 ,
poker[0] = 1 ,poker[1] = 2 ,poker[2] = 2 ,poker[3] = 5 ,poker[4] = 7 ,
is none-straight, just color ,count = 5
[fast_poker_algo] result1 = 16
base[0] = 1 ,base[1] = 2 ,base[2] = 2 ,base[3] = 5 ,base[4] = 7 ,
find[0] = 2 ,find[1] = 2 ,
len2 = 2
finded ,four poker
[fast_poker_algo] result2 = 18
loc = 0
loc = 3
loc = 3
give_result = 18,result = 18
Success,Success... count = 2
count_result_type[0] = 0 ,count_result_type[1] = 0 ,count_result_type[2] = 0 ,count_result_type[3] = 0 ,count_result_type[4] = 0 ,count_result_type[5] = 0 ,count_result_type[6] = 0 ,count_result_type[7] = 0 ,count_result_type[8] = 2 ,count_result_type[9] = 0 ,count_result_type[10] = 0 ,
best_chance[0] .value = 2,.color = s
best_chance[1] .value = 2,.color = s
best_chance[2] .value = 2,.color = s
best_chance[3] .value = 2,.color = s
best_chance[4] .value = 7,.color = s

5:s,1:s,2:s,2:s,7:s,2:s,2:s;0#
pub[0],value = 2,color = s
pub[1],value = 2,color = s
pub[2],value = 2,color = s
pub[3],value = 2,color = s
pub[4],value = 7,color = s
poker[0] = 2 ,poker[1] = 2 ,poker[2] = 2 ,poker[3] = 2 ,poker[4] = 7 ,
poker[0] = 2 ,poker[1] = 2 ,poker[2] = 2 ,poker[3] = 2 ,poker[4] = 7 ,
det == 4
poker[0] = 2 ,poker[1] = 2 ,poker[2] = 2 ,poker[3] = 2 ,poker[4] = 7 ,
base[0] = 2 ,base[1] = 2 ,base[2] = 2 ,base[3] = 2 ,base[4] = 7 ,
find[0] = 2 ,find[1] = 3 ,find[2] = 4 ,
len2 = 3
is none-straight, just color ,count = 5
[fast_poker_algo] result1 = 16
base[0] = 2 ,base[1] = 2 ,base[2] = 2 ,base[3] = 2 ,base[4] = 7 ,
find[0] = 1 ,find[1] = 1 ,find[2] = 1 ,
len2 = 3
base[0] = 2 ,base[1] = 2 ,base[2] = 2 ,base[3] = 2 ,base[4] = 7 ,
find[0] = 5 ,find[1] = 5 ,find[2] = 5 ,
len2 = 3
sorry,we don't find four poker!
[fast_poker_algo] result2 = 0
is_three_poker(line:382),zero_num = 3
single_one = 115,constant_two = 115
[fast_poker_algo] result3 = 14
give_result = 16,result = 16
Success,Success... count = 3
count_result_type[0] = 0 ,count_result_type[1] = 0 ,count_result_type[2] = 0 ,count_result_type[3] = 0 ,count_result_type[4] = 0 ,count_result_type[5] = 0 ,count_result_type[6] = 1 ,count_result_type[7] = 0 ,count_result_type[8] = 2 ,count_result_type[9] = 0 ,count_result_type[10] = 0 ,
best_chance[0] .value = 1,.color = s
best_chance[1] .value = 2,.color = s
best_chance[2] .value = 2,.color = s
best_chance[3] .value = 5,.color = s
best_chance[4] .value = 7,.color = s

7:s,2:s,1:s,2:s,2:s,5:s,2:s;0#
pub[0],value = 1,color = s
pub[1],value = 2,color = s
pub[2],value = 2,color = s
pub[3],value = 2,color = s
pub[4],value = 5,color = s
poker[0] = 1 ,poker[1] = 2 ,poker[2] = 2 ,poker[3] = 2 ,poker[4] = 5 ,
poker[0] = 1 ,poker[1] = 2 ,poker[2] = 2 ,poker[3] = 2 ,poker[4] = 5 ,
is none-straight, just color ,count = 5
[fast_poker_algo] result1 = 16
base[0] = 1 ,base[1] = 2 ,base[2] = 2 ,base[3] = 2 ,base[4] = 5 ,
find[0] = 7 ,find[1] = 7 ,find[2] = 7 ,
len2 = 3
base[0] = 1 ,base[1] = 2 ,base[2] = 2 ,base[3] = 2 ,base[4] = 5 ,
find[0] = 2 ,find[1] = 2 ,find[2] = 2 ,
len2 = 3
finded ,four poker from 3 pub,value = 2
[fast_poker_algo] result2 = 18
loc = 3
give_result = 18,result = 18
Success,Success... count = 4
count_result_type[0] = 0 ,count_result_type[1] = 0 ,count_result_type[2] = 0 ,count_result_type[3] = 0 ,count_result_type[4] = 0 ,count_result_type[5] = 0 ,count_result_type[6] = 1 ,count_result_type[7] = 0 ,count_result_type[8] = 3 ,count_result_type[9] = 0 ,count_result_type[10] = 0 ,
best_chance[0] .value = 2,.color = s
best_chance[1] .value = 2,.color = s
best_chance[2] .value = 2,.color = s
best_chance[3] .value = 2,.color = s
best_chance[4] .value = 7,.color = s

1:s,2:s,2:s,7:s,2:s,2:s,5:s;0#
pub[0],value = 2,color = s
pub[1],value = 2,color = s
pub[2],value = 2,color = s
pub[3],value = 5,color = s
pub[4],value = 7,color = s
poker[0] = 2 ,poker[1] = 2 ,poker[2] = 2 ,poker[3] = 5 ,poker[4] = 7 ,
poker[0] = 2 ,poker[1] = 2 ,poker[2] = 2 ,poker[3] = 5 ,poker[4] = 7 ,
base[0] = 2 ,base[1] = 2 ,base[2] = 2 ,base[3] = 5 ,base[4] = 7 ,
find[0] = 3 ,find[1] = 4 ,find[2] = 5 ,
len2 = 3
base[0] = 2 ,base[1] = 2 ,base[2] = 2 ,base[3] = 5 ,base[4] = 7 ,
find[0] = 0 ,find[1] = 3 ,find[2] = 4 ,
len2 = 3
base[0] = 2 ,base[1] = 2 ,base[2] = 2 ,base[3] = 5 ,base[4] = 7 ,
find[0] = -1 ,find[1] = 0 ,find[2] = 3 ,
len2 = 3
base[0] = 2 ,base[1] = 2 ,base[2] = 2 ,base[3] = 5 ,base[4] = 7 ,
find[0] = -2 ,find[1] = -1 ,find[2] = 0 ,
len2 = 3
is none-straight, just color ,count = 5
[fast_poker_algo] result1 = 16
base[0] = 2 ,base[1] = 2 ,base[2] = 2 ,base[3] = 5 ,base[4] = 7 ,
find[0] = 1 ,find[1] = 1 ,find[2] = 1 ,
len2 = 3
base[0] = 2 ,base[1] = 2 ,base[2] = 2 ,base[3] = 5 ,base[4] = 7 ,
find[0] = 2 ,find[1] = 2 ,find[2] = 2 ,
len2 = 3
finded ,four poker from 3 pub,value = 2
[fast_poker_algo] result2 = 18
loc = 0
give_result = 18,result = 18
Success,Success... count = 5
count_result_type[0] = 0 ,count_result_type[1] = 0 ,count_result_type[2] = 0 ,count_result_type[3] = 0 ,count_result_type[4] = 0 ,count_result_type[5] = 0 ,count_result_type[6] = 1 ,count_result_type[7] = 0 ,count_result_type[8] = 4 ,count_result_type[9] = 0 ,count_result_type[10] = 0 ,
best_chance[0] .value = 1,.color = s
best_chance[1] .value = 2,.color = s
best_chance[2] .value = 2,.color = s
best_chance[3] .value = 2,.color = s
best_chance[4] .value = 2,.color = s

5:s,2:s,2:s,1:s,7:s,2:s,2:s;0#
pub[0],value = 1,color = s
pub[1],value = 2,color = s
pub[2],value = 2,color = s
pub[3],value = 2,color = s
pub[4],value = 7,color = s
poker[0] = 1 ,poker[1] = 2 ,poker[2] = 2 ,poker[3] = 2 ,poker[4] = 7 ,
poker[0] = 1 ,poker[1] = 2 ,poker[2] = 2 ,poker[3] = 2 ,poker[4] = 7 ,
base[0] = 1 ,base[1] = 2 ,base[2] = 2 ,base[3] = 2 ,base[4] = 7 ,
find[0] = 3 ,find[1] = 4 ,
len2 = 2
not have mid...
is none-straight, just color ,count = 5
[fast_poker_algo] result1 = 16
base[0] = 1 ,base[1] = 2 ,base[2] = 2 ,base[3] = 2 ,base[4] = 7 ,
find[0] = 5 ,find[1] = 5 ,find[2] = 5 ,
len2 = 3
base[0] = 1 ,base[1] = 2 ,base[2] = 2 ,base[3] = 2 ,base[4] = 7 ,
find[0] = 2 ,find[1] = 2 ,find[2] = 2 ,
len2 = 3
finded ,four poker from 3 pub,value = 2
[fast_poker_algo] result2 = 18
loc = 3
give_result = 18,result = 18
Success,Success... count = 6
count_result_type[0] = 0 ,count_result_type[1] = 0 ,count_result_type[2] = 0 ,count_result_type[3] = 0 ,count_result_type[4] = 0 ,count_result_type[5] = 0 ,count_result_type[6] = 1 ,count_result_type[7] = 0 ,count_result_type[8] = 5 ,count_result_type[9] = 0 ,count_result_type[10] = 0 ,
best_chance[0] .value = 2,.color = s
best_chance[1] .value = 2,.color = s
best_chance[2] .value = 2,.color = s
best_chance[3] .value = 2,.color = s
best_chance[4] .value = 5,.color = s

7:s,5:s,1:s,2:s,2:s,2:s,2:s;0#
pub[0],value = 1,color = s
pub[1],value = 2,color = s
pub[2],value = 2,color = s
pub[3],value = 2,color = s
pub[4],value = 2,color = s
poker[0] = 1 ,poker[1] = 2 ,poker[2] = 2 ,poker[3] = 2 ,poker[4] = 2 ,
poker[0] = 1 ,poker[1] = 2 ,poker[2] = 2 ,poker[3] = 2 ,poker[4] = 2 ,
det == 2,mid =6base[0] = 1 ,base[1] = 2 ,base[2] = 2 ,base[3] = 2 ,base[4] = 2 ,
find[0] = 6 ,
len2 = 1
not have mid =6
is none-straight, just color ,count = 5
[fast_poker_algo] result1 = 16
base[0] = 1 ,base[1] = 2 ,base[2] = 2 ,base[3] = 2 ,base[4] = 2 ,
find[0] = 7 ,find[1] = 7 ,find[2] = 7 ,
len2 = 3
base[0] = 1 ,base[1] = 2 ,base[2] = 2 ,base[3] = 2 ,base[4] = 2 ,
find[0] = 5 ,find[1] = 5 ,find[2] = 5 ,
len2 = 3
sorry,we don't find four poker!
[fast_poker_algo] result2 = 0
is_three_poker(line:382),zero_num = 3
cant't happen,none-zero loc = 0
single_one = 115,constant_two = 115
[fast_poker_algo] result3 = 14
give_result = 16,result = 16
Success,Success... count = 7
count_result_type[0] = 0 ,count_result_type[1] = 0 ,count_result_type[2] = 0 ,count_result_type[3] = 0 ,count_result_type[4] = 0 ,count_result_type[5] = 0 ,count_result_type[6] = 2 ,count_result_type[7] = 0 ,count_result_type[8] = 5 ,count_result_type[9] = 0 ,count_result_type[10] = 0 ,
best_chance[0] .value = 1,.color = s
best_chance[1] .value = 2,.color = s
best_chance[2] .value = 2,.color = s
best_chance[3] .value = 5,.color = s
best_chance[4] .value = 7,.color = s

2:s,1:s,5:s,2:s,7:s,2:s,2:s;0#
pub[0],value = 2,color = s
pub[1],value = 2,color = s
pub[2],value = 2,color = s
pub[3],value = 5,color = s
pub[4],value = 7,color = s
poker[0] = 2 ,poker[1] = 2 ,poker[2] = 2 ,poker[3] = 5 ,poker[4] = 7 ,
poker[0] = 2 ,poker[1] = 2 ,poker[2] = 2 ,poker[3] = 5 ,poker[4] = 7 ,
base[0] = 2 ,base[1] = 2 ,base[2] = 2 ,base[3] = 5 ,base[4] = 7 ,
find[0] = 3 ,find[1] = 4 ,find[2] = 5 ,
len2 = 3
base[0] = 2 ,base[1] = 2 ,base[2] = 2 ,base[3] = 5 ,base[4] = 7 ,
find[0] = 0 ,find[1] = 3 ,find[2] = 4 ,
len2 = 3
base[0] = 2 ,base[1] = 2 ,base[2] = 2 ,base[3] = 5 ,base[4] = 7 ,
find[0] = -1 ,find[1] = 0 ,find[2] = 3 ,
len2 = 3
base[0] = 2 ,base[1] = 2 ,base[2] = 2 ,base[3] = 5 ,base[4] = 7 ,
find[0] = -2 ,find[1] = -1 ,find[2] = 0 ,
len2 = 3
is none-straight, just color ,count = 5
[fast_poker_algo] result1 = 16
base[0] = 2 ,base[1] = 2 ,base[2] = 2 ,base[3] = 5 ,base[4] = 7 ,
find[0] = 1 ,find[1] = 1 ,find[2] = 1 ,
len2 = 3
base[0] = 2 ,base[1] = 2 ,base[2] = 2 ,base[3] = 5 ,base[4] = 7 ,
find[0] = 2 ,find[1] = 2 ,find[2] = 2 ,
len2 = 3
finded ,four poker from 3 pub,value = 2
[fast_poker_algo] result2 = 18
loc = 0
give_result = 18,result = 18
Success,Success... count = 8
count_result_type[0] = 0 ,count_result_type[1] = 0 ,count_result_type[2] = 0 ,count_result_type[3] = 0 ,count_result_type[4] = 0 ,count_result_type[5] = 0 ,count_result_type[6] = 2 ,count_result_type[7] = 0 ,count_result_type[8] = 6 ,count_result_type[9] = 0 ,count_result_type[10] = 0 ,
best_chance[0] .value = 1,.color = s
best_chance[1] .value = 2,.color = s
best_chance[2] .value = 2,.color = s
best_chance[3] .value = 2,.color = s
best_chance[4] .value = 2,.color = s

2:s,2:s,7:s,5:s,2:s,1:s,2:s;0#
pub[0],value = 1,color = s
pub[1],value = 2,color = s
pub[2],value = 2,color = s
pub[3],value = 5,color = s
pub[4],value = 7,color = s
poker[0] = 1 ,poker[1] = 2 ,poker[2] = 2 ,poker[3] = 5 ,poker[4] = 7 ,
poker[0] = 1 ,poker[1] = 2 ,poker[2] = 2 ,poker[3] = 5 ,poker[4] = 7 ,
is none-straight, just color ,count = 5
[fast_poker_algo] result1 = 16
base[0] = 1 ,base[1] = 2 ,base[2] = 2 ,base[3] = 5 ,base[4] = 7 ,
find[0] = 2 ,find[1] = 2 ,
len2 = 2
finded ,four poker
[fast_poker_algo] result2 = 18
loc = 0
loc = 3
loc = 3
give_result = 18,result = 18
Success,Success... count = 9
count_result_type[0] = 0 ,count_result_type[1] = 0 ,count_result_type[2] = 0 ,count_result_type[3] = 0 ,count_result_type[4] = 0 ,count_result_type[5] = 0 ,count_result_type[6] = 2 ,count_result_type[7] = 0 ,count_result_type[8] = 7 ,count_result_type[9] = 0 ,count_result_type[10] = 0 ,
best_chance[0] .value = 2,.color = s
best_chance[1] .value = 2,.color = s
best_chance[2] .value = 2,.color = s
best_chance[3] .value = 2,.color = s
best_chance[4] .value = 7,.color = s

7:s,5:s,2:s,2:s,2:s,1:s,2:s;0#
pub[0],value = 1,color = s
pub[1],value = 2,color = s
pub[2],value = 2,color = s
pub[3],value = 2,color = s
pub[4],value = 2,color = s
poker[0] = 1 ,poker[1] = 2 ,poker[2] = 2 ,poker[3] = 2 ,poker[4] = 2 ,
poker[0] = 1 ,poker[1] = 2 ,poker[2] = 2 ,poker[3] = 2 ,poker[4] = 2 ,
det == 2,mid =6base[0] = 1 ,base[1] = 2 ,base[2] = 2 ,base[3] = 2 ,base[4] = 2 ,
find[0] = 6 ,
len2 = 1
not have mid =6
is none-straight, just color ,count = 5
[fast_poker_algo] result1 = 16
base[0] = 1 ,base[1] = 2 ,base[2] = 2 ,base[3] = 2 ,base[4] = 2 ,
find[0] = 7 ,find[1] = 7 ,find[2] = 7 ,
len2 = 3
base[0] = 1 ,base[1] = 2 ,base[2] = 2 ,base[3] = 2 ,base[4] = 2 ,
find[0] = 5 ,find[1] = 5 ,find[2] = 5 ,
len2 = 3
sorry,we don't find four poker!
[fast_poker_algo] result2 = 0
is_three_poker(line:382),zero_num = 3
cant't happen,none-zero loc = 0
single_one = 115,constant_two = 115
[fast_poker_algo] result3 = 14
give_result = 16,result = 16
Success,Success... count = 10
count_result_type[0] = 0 ,count_result_type[1] = 0 ,count_result_type[2] = 0 ,count_result_type[3] = 0 ,count_result_type[4] = 0 ,count_result_type[5] = 0 ,count_result_type[6] = 3 ,count_result_type[7] = 0 ,count_result_type[8] = 7 ,count_result_type[9] = 0 ,count_result_type[10] = 0 ,
best_chance[0] .value = 1,.color = s
best_chance[1] .value = 2,.color = s
best_chance[2] .value = 2,.color = s
best_chance[3] .value = 5,.color = s
best_chance[4] .value = 7,.color = s

1:s,2:s,5:s,2:s,2:s,7:s,2:s;0#
pub[0],value = 2,color = s
pub[1],value = 2,color = s
pub[2],value = 2,color = s
pub[3],value = 5,color = s
pub[4],value = 7,color = s
poker[0] = 2 ,poker[1] = 2 ,poker[2] = 2 ,poker[3] = 5 ,poker[4] = 7 ,
poker[0] = 2 ,poker[1] = 2 ,poker[2] = 2 ,poker[3] = 5 ,poker[4] = 7 ,
base[0] = 2 ,base[1] = 2 ,base[2] = 2 ,base[3] = 5 ,base[4] = 7 ,
find[0] = 3 ,find[1] = 4 ,find[2] = 5 ,
len2 = 3
base[0] = 2 ,base[1] = 2 ,base[2] = 2 ,base[3] = 5 ,base[4] = 7 ,
find[0] = 0 ,find[1] = 3 ,find[2] = 4 ,
len2 = 3
base[0] = 2 ,base[1] = 2 ,base[2] = 2 ,base[3] = 5 ,base[4] = 7 ,
find[0] = -1 ,find[1] = 0 ,find[2] = 3 ,
len2 = 3
base[0] = 2 ,base[1] = 2 ,base[2] = 2 ,base[3] = 5 ,base[4] = 7 ,
find[0] = -2 ,find[1] = -1 ,find[2] = 0 ,
len2 = 3
is none-straight, just color ,count = 5
[fast_poker_algo] result1 = 16
base[0] = 2 ,base[1] = 2 ,base[2] = 2 ,base[3] = 5 ,base[4] = 7 ,
find[0] = 1 ,find[1] = 1 ,find[2] = 1 ,
len2 = 3
base[0] = 2 ,base[1] = 2 ,base[2] = 2 ,base[3] = 5 ,base[4] = 7 ,
find[0] = 2 ,find[1] = 2 ,find[2] = 2 ,
len2 = 3
finded ,four poker from 3 pub,value = 2
[fast_poker_algo] result2 = 18
loc = 0
give_result = 18,result = 18
Success,Success... count = 11
count_result_type[0] = 0 ,count_result_type[1] = 0 ,count_result_type[2] = 0 ,count_result_type[3] = 0 ,count_result_type[4] = 0 ,count_result_type[5] = 0 ,count_result_type[6] = 3 ,count_result_type[7] = 0 ,count_result_type[8] = 8 ,count_result_type[9] = 0 ,count_result_type[10] = 0 ,
best_chance[0] .value = 1,.color = s
best_chance[1] .value = 2,.color = s
best_chance[2] .value = 2,.color = s
best_chance[3] .value = 2,.color = s
best_chance[4] .value = 2,.color = s

2:s,2:s,1:s,2:s,5:s,7:s,2:s;0#
pub[0],value = 1,color = s
pub[1],value = 2,color = s
pub[2],value = 2,color = s
pub[3],value = 5,color = s
pub[4],value = 7,color = s
poker[0] = 1 ,poker[1] = 2 ,poker[2] = 2 ,poker[3] = 5 ,poker[4] = 7 ,
poker[0] = 1 ,poker[1] = 2 ,poker[2] = 2 ,poker[3] = 5 ,poker[4] = 7 ,
is none-straight, just color ,count = 5
[fast_poker_algo] result1 = 16
base[0] = 1 ,base[1] = 2 ,base[2] = 2 ,base[3] = 5 ,base[4] = 7 ,
find[0] = 2 ,find[1] = 2 ,
len2 = 2
finded ,four poker
[fast_poker_algo] result2 = 18
loc = 0
loc = 3
loc = 3
give_result = 18,result = 18
Success,Success... count = 12
count_result_type[0] = 0 ,count_result_type[1] = 0 ,count_result_type[2] = 0 ,count_result_type[3] = 0 ,count_result_type[4] = 0 ,count_result_type[5] = 0 ,count_result_type[6] = 3 ,count_result_type[7] = 0 ,count_result_type[8] = 9 ,count_result_type[9] = 0 ,count_result_type[10] = 0 ,
best_chance[0] .value = 2,.color = s
best_chance[1] .value = 2,.color = s
best_chance[2] .value = 2,.color = s
best_chance[3] .value = 2,.color = s
best_chance[4] .value = 7,.color = s

2:s,2:s,7:s,2:s,5:s,2:s,1:s;0#
pub[0],value = 1,color = s
pub[1],value = 2,color = s
pub[2],value = 2,color = s
pub[3],value = 5,color = s
pub[4],value = 7,color = s
poker[0] = 1 ,poker[1] = 2 ,poker[2] = 2 ,poker[3] = 5 ,poker[4] = 7 ,
poker[0] = 1 ,poker[1] = 2 ,poker[2] = 2 ,poker[3] = 5 ,poker[4] = 7 ,
is none-straight, just color ,count = 5
[fast_poker_algo] result1 = 16
base[0] = 1 ,base[1] = 2 ,base[2] = 2 ,base[3] = 5 ,base[4] = 7 ,
find[0] = 2 ,find[1] = 2 ,
len2 = 2
finded ,four poker
[fast_poker_algo] result2 = 18
loc = 0
loc = 3
loc = 3
give_result = 18,result = 18
Success,Success... count = 13
count_result_type[0] = 0 ,count_result_type[1] = 0 ,count_result_type[2] = 0 ,count_result_type[3] = 0 ,count_result_type[4] = 0 ,count_result_type[5] = 0 ,count_result_type[6] = 3 ,count_result_type[7] = 0 ,count_result_type[8] = 10 ,count_result_type[9] = 0 ,count_result_type[10] = 0 ,
best_chance[0] .value = 2,.color = s
best_chance[1] .value = 2,.color = s
best_chance[2] .value = 2,.color = s
best_chance[3] .value = 2,.color = s
best_chance[4] .value = 7,.color = s

2:s,2:s,7:s,2:s,2:s,1:s,5:s;0#
pub[0],value = 1,color = s
pub[1],value = 2,color = s
pub[2],value = 2,color = s
pub[3],value = 5,color = s
pub[4],value = 7,color = s
poker[0] = 1 ,poker[1] = 2 ,poker[2] = 2 ,poker[3] = 5 ,poker[4] = 7 ,
poker[0] = 1 ,poker[1] = 2 ,poker[2] = 2 ,poker[3] = 5 ,poker[4] = 7 ,
is none-straight, just color ,count = 5
[fast_poker_algo] result1 = 16
base[0] = 1 ,base[1] = 2 ,base[2] = 2 ,base[3] = 5 ,base[4] = 7 ,
find[0] = 2 ,find[1] = 2 ,
len2 = 2
finded ,four poker
[fast_poker_algo] result2 = 18
loc = 0
loc = 3
loc = 3
give_result = 18,result = 18
Success,Success... count = 14
count_result_type[0] = 0 ,count_result_type[1] = 0 ,count_result_type[2] = 0 ,count_result_type[3] = 0 ,count_result_type[4] = 0 ,count_result_type[5] = 0 ,count_result_type[6] = 3 ,count_result_type[7] = 0 ,count_result_type[8] = 11 ,count_result_type[9] = 0 ,count_result_type[10] = 0 ,
best_chance[0] .value = 2,.color = s
best_chance[1] .value = 2,.color = s
best_chance[2] .value = 2,.color = s
best_chance[3] .value = 2,.color = s
best_chance[4] .value = 7,.color = s

7:s,2:s,5:s,2:s,1:s,2:s,2:s;0#
pub[0],value = 1,color = s
pub[1],value = 2,color = s
pub[2],value = 2,color = s
pub[3],value = 2,color = s
pub[4],value = 5,color = s
poker[0] = 1 ,poker[1] = 2 ,poker[2] = 2 ,poker[3] = 2 ,poker[4] = 5 ,
poker[0] = 1 ,poker[1] = 2 ,poker[2] = 2 ,poker[3] = 2 ,poker[4] = 5 ,
is none-straight, just color ,count = 5
[fast_poker_algo] result1 = 16
base[0] = 1 ,base[1] = 2 ,base[2] = 2 ,base[3] = 2 ,base[4] = 5 ,
find[0] = 7 ,find[1] = 7 ,find[2] = 7 ,
len2 = 3
base[0] = 1 ,base[1] = 2 ,base[2] = 2 ,base[3] = 2 ,base[4] = 5 ,
find[0] = 2 ,find[1] = 2 ,find[2] = 2 ,
len2 = 3
finded ,four poker from 3 pub,value = 2
[fast_poker_algo] result2 = 18
loc = 3
give_result = 18,result = 18
Success,Success... count = 15
count_result_type[0] = 0 ,count_result_type[1] = 0 ,count_result_type[2] = 0 ,count_result_type[3] = 0 ,count_result_type[4] = 0 ,count_result_type[5] = 0 ,count_result_type[6] = 3 ,count_result_type[7] = 0 ,count_result_type[8] = 12 ,count_result_type[9] = 0 ,count_result_type[10] = 0 ,
best_chance[0] .value = 2,.color = s
best_chance[1] .value = 2,.color = s
best_chance[2] .value = 2,.color = s
best_chance[3] .value = 2,.color = s
best_chance[4] .value = 7,.color = s

2:s,2:s,2:s,5:s,1:s,7:s,2:s;0#
pub[0],value = 1,color = s
pub[1],value = 2,color = s
pub[2],value = 2,color = s
pub[3],value = 5,color = s
pub[4],value = 7,color = s
poker[0] = 1 ,poker[1] = 2 ,poker[2] = 2 ,poker[3] = 5 ,poker[4] = 7 ,
poker[0] = 1 ,poker[1] = 2 ,poker[2] = 2 ,poker[3] = 5 ,poker[4] = 7 ,
is none-straight, just color ,count = 5
[fast_poker_algo] result1 = 16
base[0] = 1 ,base[1] = 2 ,base[2] = 2 ,base[3] = 5 ,base[4] = 7 ,
find[0] = 2 ,find[1] = 2 ,
len2 = 2
finded ,four poker
[fast_poker_algo] result2 = 18
loc = 0
loc = 3
loc = 3
give_result = 18,result = 18
Success,Success... count = 16
count_result_type[0] = 0 ,count_result_type[1] = 0 ,count_result_type[2] = 0 ,count_result_type[3] = 0 ,count_result_type[4] = 0 ,count_result_type[5] = 0 ,count_result_type[6] = 3 ,count_result_type[7] = 0 ,count_result_type[8] = 13 ,count_result_type[9] = 0 ,count_result_type[10] = 0 ,
best_chance[0] .value = 2,.color = s
best_chance[1] .value = 2,.color = s
best_chance[2] .value = 2,.color = s
best_chance[3] .value = 2,.color = s
best_chance[4] .value = 7,.color = s

2:s,2:s,2:s,5:s,1:s,2:s,7:s;0#
pub[0],value = 1,color = s
pub[1],value = 2,color = s
pub[2],value = 2,color = s
pub[3],value = 5,color = s
pub[4],value = 7,color = s
poker[0] = 1 ,poker[1] = 2 ,poker[2] = 2 ,poker[3] = 5 ,poker[4] = 7 ,
poker[0] = 1 ,poker[1] = 2 ,poker[2] = 2 ,poker[3] = 5 ,poker[4] = 7 ,
is none-straight, just color ,count = 5
[fast_poker_algo] result1 = 16
base[0] = 1 ,base[1] = 2 ,base[2] = 2 ,base[3] = 5 ,base[4] = 7 ,
find[0] = 2 ,find[1] = 2 ,
len2 = 2
finded ,four poker
[fast_poker_algo] result2 = 18
loc = 0
loc = 3
loc = 3
give_result = 18,result = 18
Success,Success... count = 17
count_result_type[0] = 0 ,count_result_type[1] = 0 ,count_result_type[2] = 0 ,count_result_type[3] = 0 ,count_result_type[4] = 0 ,count_result_type[5] = 0 ,count_result_type[6] = 3 ,count_result_type[7] = 0 ,count_result_type[8] = 14 ,count_result_type[9] = 0 ,count_result_type[10] = 0 ,
best_chance[0] .value = 2,.color = s
best_chance[1] .value = 2,.color = s
best_chance[2] .value = 2,.color = s
best_chance[3] .value = 2,.color = s
best_chance[4] .value = 7,.color = s

2:s,2:s,1:s,2:s,5:s,2:s,7:s;0#
pub[0],value = 1,color = s
pub[1],value = 2,color = s
pub[2],value = 2,color = s
pub[3],value = 5,color = s
pub[4],value = 7,color = s
poker[0] = 1 ,poker[1] = 2 ,poker[2] = 2 ,poker[3] = 5 ,poker[4] = 7 ,
poker[0] = 1 ,poker[1] = 2 ,poker[2] = 2 ,poker[3] = 5 ,poker[4] = 7 ,
is none-straight, just color ,count = 5
[fast_poker_algo] result1 = 16
base[0] = 1 ,base[1] = 2 ,base[2] = 2 ,base[3] = 5 ,base[4] = 7 ,
find[0] = 2 ,find[1] = 2 ,
len2 = 2
finded ,four poker
[fast_poker_algo] result2 = 18
loc = 0
loc = 3
loc = 3
give_result = 18,result = 18
Success,Success... count = 18
count_result_type[0] = 0 ,count_result_type[1] = 0 ,count_result_type[2] = 0 ,count_result_type[3] = 0 ,count_result_type[4] = 0 ,count_result_type[5] = 0 ,count_result_type[6] = 3 ,count_result_type[7] = 0 ,count_result_type[8] = 15 ,count_result_type[9] = 0 ,count_result_type[10] = 0 ,
best_chance[0] .value = 2,.color = s
best_chance[1] .value = 2,.color = s
best_chance[2] .value = 2,.color = s
best_chance[3] .value = 2,.color = s
best_chance[4] .value = 7,.color = s

7:s,5:s,1:s,2:s,2:s,2:s,2:s;0#
pub[0],value = 1,color = s
pub[1],value = 2,color = s
pub[2],value = 2,color = s
pub[3],value = 2,color = s
pub[4],value = 2,color = s
poker[0] = 1 ,poker[1] = 2 ,poker[2] = 2 ,poker[3] = 2 ,poker[4] = 2 ,
poker[0] = 1 ,poker[1] = 2 ,poker[2] = 2 ,poker[3] = 2 ,poker[4] = 2 ,
det == 2,mid =6base[0] = 1 ,base[1] = 2 ,base[2] = 2 ,base[3] = 2 ,base[4] = 2 ,
find[0] = 6 ,
len2 = 1
not have mid =6
is none-straight, just color ,count = 5
[fast_poker_algo] result1 = 16
base[0] = 1 ,base[1] = 2 ,base[2] = 2 ,base[3] = 2 ,base[4] = 2 ,
find[0] = 7 ,find[1] = 7 ,find[2] = 7 ,
len2 = 3
base[0] = 1 ,base[1] = 2 ,base[2] = 2 ,base[3] = 2 ,base[4] = 2 ,
find[0] = 5 ,find[1] = 5 ,find[2] = 5 ,
len2 = 3
sorry,we don't find four poker!
[fast_poker_algo] result2 = 0
is_three_poker(line:382),zero_num = 3
cant't happen,none-zero loc = 0
single_one = 115,constant_two = 115
[fast_poker_algo] result3 = 14
give_result = 16,result = 16
Success,Success... count = 19
count_result_type[0] = 0 ,count_result_type[1] = 0 ,count_result_type[2] = 0 ,count_result_type[3] = 0 ,count_result_type[4] = 0 ,count_result_type[5] = 0 ,count_result_type[6] = 4 ,count_result_type[7] = 0 ,count_result_type[8] = 15 ,count_result_type[9] = 0 ,count_result_type[10] = 0 ,
best_chance[0] .value = 1,.color = s
best_chance[1] .value = 2,.color = s
best_chance[2] .value = 2,.color = s
best_chance[3] .value = 5,.color = s
best_chance[4] .value = 7,.color = s

5:s,2:s,2:s,2:s,2:s,7:s,1:s;0#
pub[0],value = 1,color = s
pub[1],value = 2,color = s
pub[2],value = 2,color = s
pub[3],value = 2,color = s
pub[4],value = 7,color = s
poker[0] = 1 ,poker[1] = 2 ,poker[2] = 2 ,poker[3] = 2 ,poker[4] = 7 ,
poker[0] = 1 ,poker[1] = 2 ,poker[2] = 2 ,poker[3] = 2 ,poker[4] = 7 ,
base[0] = 1 ,base[1] = 2 ,base[2] = 2 ,base[3] = 2 ,base[4] = 7 ,
find[0] = 3 ,find[1] = 4 ,
len2 = 2
not have mid...
is none-straight, just color ,count = 5
[fast_poker_algo] result1 = 16
base[0] = 1 ,base[1] = 2 ,base[2] = 2 ,base[3] = 2 ,base[4] = 7 ,
find[0] = 5 ,find[1] = 5 ,find[2] = 5 ,
len2 = 3
base[0] = 1 ,base[1] = 2 ,base[2] = 2 ,base[3] = 2 ,base[4] = 7 ,
find[0] = 2 ,find[1] = 2 ,find[2] = 2 ,
len2 = 3
finded ,four poker from 3 pub,value = 2
[fast_poker_algo] result2 = 18
loc = 3
give_result = 18,result = 18
Success,Success... count = 20
count_result_type[0] = 0 ,count_result_type[1] = 0 ,count_result_type[2] = 0 ,count_result_type[3] = 0 ,count_result_type[4] = 0 ,count_result_type[5] = 0 ,count_result_type[6] = 4 ,count_result_type[7] = 0 ,count_result_type[8] = 16 ,count_result_type[9] = 0 ,count_result_type[10] = 0 ,
best_chance[0] .value = 2,.color = s
best_chance[1] .value = 2,.color = s
best_chance[2] .value = 2,.color = s
best_chance[3] .value = 2,.color = s
best_chance[4] .value = 5,.color = s

2:s,2:s,7:s,5:s,2:s,1:s,2:s;0#
pub[0],value = 1,color = s
pub[1],value = 2,color = s
pub[2],value = 2,color = s
pub[3],value = 5,color = s
pub[4],value = 7,color = s
poker[0] = 1 ,poker[1] = 2 ,poker[2] = 2 ,poker[3] = 5 ,poker[4] = 7 ,
poker[0] = 1 ,poker[1] = 2 ,poker[2] = 2 ,poker[3] = 5 ,poker[4] = 7 ,
is none-straight, just color ,count = 5
[fast_poker_algo] result1 = 16
base[0] = 1 ,base[1] = 2 ,base[2] = 2 ,base[3] = 5 ,base[4] = 7 ,
find[0] = 2 ,find[1] = 2 ,
len2 = 2
finded ,four poker
[fast_poker_algo] result2 = 18
loc = 0
loc = 3
loc = 3
give_result = 18,result = 18
Success,Success... count = 21
count_result_type[0] = 0 ,count_result_type[1] = 0 ,count_result_type[2] = 0 ,count_result_type[3] = 0 ,count_result_type[4] = 0 ,count_result_type[5] = 0 ,count_result_type[6] = 4 ,count_result_type[7] = 0 ,count_result_type[8] = 17 ,count_result_type[9] = 0 ,count_result_type[10] = 0 ,
best_chance[0] .value = 2,.color = s
best_chance[1] .value = 2,.color = s
best_chance[2] .value = 2,.color = s
best_chance[3] .value = 2,.color = s
best_chance[4] .value = 7,.color = s

2:s,2:s,1:s,2:s,2:s,5:s,7:s;0#
pub[0],value = 1,color = s
pub[1],value = 2,color = s
pub[2],value = 2,color = s
pub[3],value = 5,color = s
pub[4],value = 7,color = s
poker[0] = 1 ,poker[1] = 2 ,poker[2] = 2 ,poker[3] = 5 ,poker[4] = 7 ,
poker[0] = 1 ,poker[1] = 2 ,poker[2] = 2 ,poker[3] = 5 ,poker[4] = 7 ,
is none-straight, just color ,count = 5
[fast_poker_algo] result1 = 16
base[0] = 1 ,base[1] = 2 ,base[2] = 2 ,base[3] = 5 ,base[4] = 7 ,
find[0] = 2 ,find[1] = 2 ,
len2 = 2
finded ,four poker
[fast_poker_algo] result2 = 18
loc = 0
loc = 3
loc = 3
give_result = 18,result = 18
Success,Success... count = 22
count_result_type[0] = 0 ,count_result_type[1] = 0 ,count_result_type[2] = 0 ,count_result_type[3] = 0 ,count_result_type[4] = 0 ,count_result_type[5] = 0 ,count_result_type[6] = 4 ,count_result_type[7] = 0 ,count_result_type[8] = 18 ,count_result_type[9] = 0 ,count_result_type[10] = 0 ,
best_chance[0] .value = 2,.color = s
best_chance[1] .value = 2,.color = s
best_chance[2] .value = 2,.color = s
best_chance[3] .value = 2,.color = s
best_chance[4] .value = 7,.color = s

2:s,1:s,5:s,2:s,2:s,7:s,2:s;0#
pub[0],value = 2,color = s
pub[1],value = 2,color = s
pub[2],value = 2,color = s
pub[3],value = 5,color = s
pub[4],value = 7,color = s
poker[0] = 2 ,poker[1] = 2 ,poker[2] = 2 ,poker[3] = 5 ,poker[4] = 7 ,
poker[0] = 2 ,poker[1] = 2 ,poker[2] = 2 ,poker[3] = 5 ,poker[4] = 7 ,
base[0] = 2 ,base[1] = 2 ,base[2] = 2 ,base[3] = 5 ,base[4] = 7 ,
find[0] = 3 ,find[1] = 4 ,find[2] = 5 ,
len2 = 3
base[0] = 2 ,base[1] = 2 ,base[2] = 2 ,base[3] = 5 ,base[4] = 7 ,
find[0] = 0 ,find[1] = 3 ,find[2] = 4 ,
len2 = 3
base[0] = 2 ,base[1] = 2 ,base[2] = 2 ,base[3] = 5 ,base[4] = 7 ,
find[0] = -1 ,find[1] = 0 ,find[2] = 3 ,
len2 = 3
base[0] = 2 ,base[1] = 2 ,base[2] = 2 ,base[3] = 5 ,base[4] = 7 ,
find[0] = -2 ,find[1] = -1 ,find[2] = 0 ,
len2 = 3
is none-straight, just color ,count = 5
[fast_poker_algo] result1 = 16
base[0] = 2 ,base[1] = 2 ,base[2] = 2 ,base[3] = 5 ,base[4] = 7 ,
find[0] = 1 ,find[1] = 1 ,find[2] = 1 ,
len2 = 3
base[0] = 2 ,base[1] = 2 ,base[2] = 2 ,base[3] = 5 ,base[4] = 7 ,
find[0] = 2 ,find[1] = 2 ,find[2] = 2 ,
len2 = 3
finded ,four poker from 3 pub,value = 2
[fast_poker_algo] result2 = 18
loc = 0
give_result = 18,result = 18
Success,Success... count = 23
count_result_type[0] = 0 ,count_result_type[1] = 0 ,count_result_type[2] = 0 ,count_result_type[3] = 0 ,count_result_type[4] = 0 ,count_result_type[5] = 0 ,count_result_type[6] = 4 ,count_result_type[7] = 0 ,count_result_type[8] = 19 ,count_result_type[9] = 0 ,count_result_type[10] = 0 ,
best_chance[0] .value = 1,.color = s
best_chance[1] .value = 2,.color = s
best_chance[2] .value = 2,.color = s
best_chance[3] .value = 2,.color = s
best_chance[4] .value = 2,.color = s

2:s,2:s,7:s,2:s,1:s,5:s,2:s;0#
pub[0],value = 1,color = s
pub[1],value = 2,color = s
pub[2],value = 2,color = s
pub[3],value = 5,color = s
pub[4],value = 7,color = s
poker[0] = 1 ,poker[1] = 2 ,poker[2] = 2 ,poker[3] = 5 ,poker[4] = 7 ,
poker[0] = 1 ,poker[1] = 2 ,poker[2] = 2 ,poker[3] = 5 ,poker[4] = 7 ,
is none-straight, just color ,count = 5
[fast_poker_algo] result1 = 16
base[0] = 1 ,base[1] = 2 ,base[2] = 2 ,base[3] = 5 ,base[4] = 7 ,
find[0] = 2 ,find[1] = 2 ,
len2 = 2
finded ,four poker
[fast_poker_algo] result2 = 18
loc = 0
loc = 3
loc = 3
give_result = 18,result = 18
Success,Success... count = 24
count_result_type[0] = 0 ,count_result_type[1] = 0 ,count_result_type[2] = 0 ,count_result_type[3] = 0 ,count_result_type[4] = 0 ,count_result_type[5] = 0 ,count_result_type[6] = 4 ,count_result_type[7] = 0 ,count_result_type[8] = 20 ,count_result_type[9] = 0 ,count_result_type[10] = 0 ,
best_chance[0] .value = 2,.color = s
best_chance[1] .value = 2,.color = s
best_chance[2] .value = 2,.color = s
best_chance[3] .value = 2,.color = s
best_chance[4] .value = 7,.color = s

1:s,7:s,5:s,2:s,2:s,2:s,2:s;0#
pub[0],value = 2,color = s
pub[1],value = 2,color = s
pub[2],value = 2,color = s
pub[3],value = 2,color = s
pub[4],value = 5,color = s
poker[0] = 2 ,poker[1] = 2 ,poker[2] = 2 ,poker[3] = 2 ,poker[4] = 5 ,
poker[0] = 2 ,poker[1] = 2 ,poker[2] = 2 ,poker[3] = 2 ,poker[4] = 5 ,
is none-straight, just color ,count = 5
[fast_poker_algo] result1 = 16
base[0] = 2 ,base[1] = 2 ,base[2] = 2 ,base[3] = 2 ,base[4] = 5 ,
find[0] = 1 ,find[1] = 1 ,find[2] = 1 ,
len2 = 3
base[0] = 2 ,base[1] = 2 ,base[2] = 2 ,base[3] = 2 ,base[4] = 5 ,
find[0] = 7 ,find[1] = 7 ,find[2] = 7 ,
len2 = 3
sorry,we don't find four poker!
[fast_poker_algo] result2 = 0
is_three_poker(line:382),zero_num = 3
single_one = 115,constant_two = 115
[fast_poker_algo] result3 = 14
give_result = 16,result = 16
Success,Success... count = 25
count_result_type[0] = 0 ,count_result_type[1] = 0 ,count_result_type[2] = 0 ,count_result_type[3] = 0 ,count_result_type[4] = 0 ,count_result_type[5] = 0 ,count_result_type[6] = 5 ,count_result_type[7] = 0 ,count_result_type[8] = 20 ,count_result_type[9] = 0 ,count_result_type[10] = 0 ,
best_chance[0] .value = 1,.color = s
best_chance[1] .value = 2,.color = s
best_chance[2] .value = 2,.color = s
best_chance[3] .value = 5,.color = s
best_chance[4] .value = 7,.color = s

5:s,2:s,1:s,2:s,2:s,2:s,7:s;0#
pub[0],value = 1,color = s
pub[1],value = 2,color = s
pub[2],value = 2,color = s
pub[3],value = 2,color = s
pub[4],value = 7,color = s
poker[0] = 1 ,poker[1] = 2 ,poker[2] = 2 ,poker[3] = 2 ,poker[4] = 7 ,
poker[0] = 1 ,poker[1] = 2 ,poker[2] = 2 ,poker[3] = 2 ,poker[4] = 7 ,
base[0] = 1 ,base[1] = 2 ,base[2] = 2 ,base[3] = 2 ,base[4] = 7 ,
find[0] = 3 ,find[1] = 4 ,
len2 = 2
not have mid...
is none-straight, just color ,count = 5
[fast_poker_algo] result1 = 16
base[0] = 1 ,base[1] = 2 ,base[2] = 2 ,base[3] = 2 ,base[4] = 7 ,
find[0] = 5 ,find[1] = 5 ,find[2] = 5 ,
len2 = 3
base[0] = 1 ,base[1] = 2 ,base[2] = 2 ,base[3] = 2 ,base[4] = 7 ,
find[0] = 2 ,find[1] = 2 ,find[2] = 2 ,
len2 = 3
finded ,four poker from 3 pub,value = 2
[fast_poker_algo] result2 = 18
loc = 3
give_result = 18,result = 18
Success,Success... count = 26
count_result_type[0] = 0 ,count_result_type[1] = 0 ,count_result_type[2] = 0 ,count_result_type[3] = 0 ,count_result_type[4] = 0 ,count_result_type[5] = 0 ,count_result_type[6] = 5 ,count_result_type[7] = 0 ,count_result_type[8] = 21 ,count_result_type[9] = 0 ,count_result_type[10] = 0 ,
best_chance[0] .value = 2,.color = s
best_chance[1] .value = 2,.color = s
best_chance[2] .value = 2,.color = s
best_chance[3] .value = 2,.color = s
best_chance[4] .value = 5,.color = s

7:s,2:s,5:s,2:s,2:s,2:s,1:s;0#
pub[0],value = 1,color = s
pub[1],value = 2,color = s
pub[2],value = 2,color = s
pub[3],value = 2,color = s
pub[4],value = 5,color = s
poker[0] = 1 ,poker[1] = 2 ,poker[2] = 2 ,poker[3] = 2 ,poker[4] = 5 ,
poker[0] = 1 ,poker[1] = 2 ,poker[2] = 2 ,poker[3] = 2 ,poker[4] = 5 ,
is none-straight, just color ,count = 5
[fast_poker_algo] result1 = 16
base[0] = 1 ,base[1] = 2 ,base[2] = 2 ,base[3] = 2 ,base[4] = 5 ,
find[0] = 7 ,find[1] = 7 ,find[2] = 7 ,
len2 = 3
base[0] = 1 ,base[1] = 2 ,base[2] = 2 ,base[3] = 2 ,base[4] = 5 ,
find[0] = 2 ,find[1] = 2 ,find[2] = 2 ,
len2 = 3
finded ,four poker from 3 pub,value = 2
[fast_poker_algo] result2 = 18
loc = 3
give_result = 18,result = 18
Success,Success... count = 27
count_result_type[0] = 0 ,count_result_type[1] = 0 ,count_result_type[2] = 0 ,count_result_type[3] = 0 ,count_result_type[4] = 0 ,count_result_type[5] = 0 ,count_result_type[6] = 5 ,count_result_type[7] = 0 ,count_result_type[8] = 22 ,count_result_type[9] = 0 ,count_result_type[10] = 0 ,
best_chance[0] .value = 2,.color = s
best_chance[1] .value = 2,.color = s
best_chance[2] .value = 2,.color = s
best_chance[3] .value = 2,.color = s
best_chance[4] .value = 7,.color = s

7:s,5:s,2:s,2:s,2:s,2:s,1:s;0#
pub[0],value = 1,color = s
pub[1],value = 2,color = s
pub[2],value = 2,color = s
pub[3],value = 2,color = s
pub[4],value = 2,color = s
poker[0] = 1 ,poker[1] = 2 ,poker[2] = 2 ,poker[3] = 2 ,poker[4] = 2 ,
poker[0] = 1 ,poker[1] = 2 ,poker[2] = 2 ,poker[3] = 2 ,poker[4] = 2 ,
det == 2,mid =6base[0] = 1 ,base[1] = 2 ,base[2] = 2 ,base[3] = 2 ,base[4] = 2 ,
find[0] = 6 ,
len2 = 1
not have mid =6
is none-straight, just color ,count = 5
[fast_poker_algo] result1 = 16
base[0] = 1 ,base[1] = 2 ,base[2] = 2 ,base[3] = 2 ,base[4] = 2 ,
find[0] = 7 ,find[1] = 7 ,find[2] = 7 ,
len2 = 3
base[0] = 1 ,base[1] = 2 ,base[2] = 2 ,base[3] = 2 ,base[4] = 2 ,
find[0] = 5 ,find[1] = 5 ,find[2] = 5 ,
len2 = 3
sorry,we don't find four poker!
[fast_poker_algo] result2 = 0
is_three_poker(line:382),zero_num = 3
cant't happen,none-zero loc = 0
single_one = 115,constant_two = 115
[fast_poker_algo] result3 = 14
give_result = 16,result = 16
Success,Success... count = 28
count_result_type[0] = 0 ,count_result_type[1] = 0 ,count_result_type[2] = 0 ,count_result_type[3] = 0 ,count_result_type[4] = 0 ,count_result_type[5] = 0 ,count_result_type[6] = 6 ,count_result_type[7] = 0 ,count_result_type[8] = 22 ,count_result_type[9] = 0 ,count_result_type[10] = 0 ,
best_chance[0] .value = 1,.color = s
best_chance[1] .value = 2,.color = s
best_chance[2] .value = 2,.color = s
best_chance[3] .value = 5,.color = s
best_chance[4] .value = 7,.color = s

2:s,1:s,2:s,7:s,2:s,2:s,5:s;0#
pub[0],value = 2,color = s
pub[1],value = 2,color = s
pub[2],value = 2,color = s
pub[3],value = 5,color = s
pub[4],value = 7,color = s
poker[0] = 2 ,poker[1] = 2 ,poker[2] = 2 ,poker[3] = 5 ,poker[4] = 7 ,
poker[0] = 2 ,poker[1] = 2 ,poker[2] = 2 ,poker[3] = 5 ,poker[4] = 7 ,
base[0] = 2 ,base[1] = 2 ,base[2] = 2 ,base[3] = 5 ,base[4] = 7 ,
find[0] = 3 ,find[1] = 4 ,find[2] = 5 ,
len2 = 3
base[0] = 2 ,base[1] = 2 ,base[2] = 2 ,base[3] = 5 ,base[4] = 7 ,
find[0] = 0 ,find[1] = 3 ,find[2] = 4 ,
len2 = 3
base[0] = 2 ,base[1] = 2 ,base[2] = 2 ,base[3] = 5 ,base[4] = 7 ,
find[0] = -1 ,find[1] = 0 ,find[2] = 3 ,
len2 = 3
base[0] = 2 ,base[1] = 2 ,base[2] = 2 ,base[3] = 5 ,base[4] = 7 ,
find[0] = -2 ,find[1] = -1 ,find[2] = 0 ,
len2 = 3
is none-straight, just color ,count = 5
[fast_poker_algo] result1 = 16
base[0] = 2 ,base[1] = 2 ,base[2] = 2 ,base[3] = 5 ,base[4] = 7 ,
find[0] = 1 ,find[1] = 1 ,find[2] = 1 ,
len2 = 3
base[0] = 2 ,base[1] = 2 ,base[2] = 2 ,base[3] = 5 ,base[4] = 7 ,
find[0] = 2 ,find[1] = 2 ,find[2] = 2 ,
len2 = 3
finded ,four poker from 3 pub,value = 2
[fast_poker_algo] result2 = 18
loc = 0
give_result = 18,result = 18
Success,Success... count = 29
count_result_type[0] = 0 ,count_result_type[1] = 0 ,count_result_type[2] = 0 ,count_result_type[3] = 0 ,count_result_type[4] = 0 ,count_result_type[5] = 0 ,count_result_type[6] = 6 ,count_result_type[7] = 0 ,count_result_type[8] = 23 ,count_result_type[9] = 0 ,count_result_type[10] = 0 ,
best_chance[0] .value = 1,.color = s
best_chance[1] .value = 2,.color = s
best_chance[2] .value = 2,.color = s
best_chance[3] .value = 2,.color = s
best_chance[4] .value = 2,.color = s

7:s,2:s,2:s,2:s,1:s,5:s,2:s;0#
pub[0],value = 1,color = s
pub[1],value = 2,color = s
pub[2],value = 2,color = s
pub[3],value = 2,color = s
pub[4],value = 5,color = s
poker[0] = 1 ,poker[1] = 2 ,poker[2] = 2 ,poker[3] = 2 ,poker[4] = 5 ,
poker[0] = 1 ,poker[1] = 2 ,poker[2] = 2 ,poker[3] = 2 ,poker[4] = 5 ,
is none-straight, just color ,count = 5
[fast_poker_algo] result1 = 16
base[0] = 1 ,base[1] = 2 ,base[2] = 2 ,base[3] = 2 ,base[4] = 5 ,
find[0] = 7 ,find[1] = 7 ,find[2] = 7 ,
len2 = 3
base[0] = 1 ,base[1] = 2 ,base[2] = 2 ,base[3] = 2 ,base[4] = 5 ,
find[0] = 2 ,find[1] = 2 ,find[2] = 2 ,
len2 = 3
finded ,four poker from 3 pub,value = 2
[fast_poker_algo] result2 = 18
loc = 3
give_result = 18,result = 18
Success,Success... count = 30
count_result_type[0] = 0 ,count_result_type[1] = 0 ,count_result_type[2] = 0 ,count_result_type[3] = 0 ,count_result_type[4] = 0 ,count_result_type[5] = 0 ,count_result_type[6] = 6 ,count_result_type[7] = 0 ,count_result_type[8] = 24 ,count_result_type[9] = 0 ,count_result_type[10] = 0 ,
best_chance[0] .value = 2,.color = s
best_chance[1] .value = 2,.color = s
best_chance[2] .value = 2,.color = s
best_chance[3] .value = 2,.color = s
best_chance[4] .value = 7,.color = s

5:s,2:s,1:s,2:s,7:s,2:s,2:s;0#
pub[0],value = 1,color = s
pub[1],value = 2,color = s
pub[2],value = 2,color = s
pub[3],value = 2,color = s
pub[4],value = 7,color = s
poker[0] = 1 ,poker[1] = 2 ,poker[2] = 2 ,poker[3] = 2 ,poker[4] = 7 ,
poker[0] = 1 ,poker[1] = 2 ,poker[2] = 2 ,poker[3] = 2 ,poker[4] = 7 ,
base[0] = 1 ,base[1] = 2 ,base[2] = 2 ,base[3] = 2 ,base[4] = 7 ,
find[0] = 3 ,find[1] = 4 ,
len2 = 2
not have mid...
is none-straight, just color ,count = 5
[fast_poker_algo] result1 = 16
base[0] = 1 ,base[1] = 2 ,base[2] = 2 ,base[3] = 2 ,base[4] = 7 ,
find[0] = 5 ,find[1] = 5 ,find[2] = 5 ,
len2 = 3
base[0] = 1 ,base[1] = 2 ,base[2] = 2 ,base[3] = 2 ,base[4] = 7 ,
find[0] = 2 ,find[1] = 2 ,find[2] = 2 ,
len2 = 3
finded ,four poker from 3 pub,value = 2
[fast_poker_algo] result2 = 18
loc = 3
give_result = 18,result = 18
Success,Success... count = 31
count_result_type[0] = 0 ,count_result_type[1] = 0 ,count_result_type[2] = 0 ,count_result_type[3] = 0 ,count_result_type[4] = 0 ,count_result_type[5] = 0 ,count_result_type[6] = 6 ,count_result_type[7] = 0 ,count_result_type[8] = 25 ,count_result_type[9] = 0 ,count_result_type[10] = 0 ,
best_chance[0] .value = 2,.color = s
best_chance[1] .value = 2,.color = s
best_chance[2] .value = 2,.color = s
best_chance[3] .value = 2,.color = s
best_chance[4] .value = 5,.color = s

2:s,1:s,2:s,2:s,2:s,7:s,5:s;0#
pub[0],value = 2,color = s
pub[1],value = 2,color = s
pub[2],value = 2,color = s
pub[3],value = 5,color = s
pub[4],value = 7,color = s
poker[0] = 2 ,poker[1] = 2 ,poker[2] = 2 ,poker[3] = 5 ,poker[4] = 7 ,
poker[0] = 2 ,poker[1] = 2 ,poker[2] = 2 ,poker[3] = 5 ,poker[4] = 7 ,
base[0] = 2 ,base[1] = 2 ,base[2] = 2 ,base[3] = 5 ,base[4] = 7 ,
find[0] = 3 ,find[1] = 4 ,find[2] = 5 ,
len2 = 3
base[0] = 2 ,base[1] = 2 ,base[2] = 2 ,base[3] = 5 ,base[4] = 7 ,
find[0] = 0 ,find[1] = 3 ,find[2] = 4 ,
len2 = 3
base[0] = 2 ,base[1] = 2 ,base[2] = 2 ,base[3] = 5 ,base[4] = 7 ,
find[0] = -1 ,find[1] = 0 ,find[2] = 3 ,
len2 = 3
base[0] = 2 ,base[1] = 2 ,base[2] = 2 ,base[3] = 5 ,base[4] = 7 ,
find[0] = -2 ,find[1] = -1 ,find[2] = 0 ,
len2 = 3
is none-straight, just color ,count = 5
[fast_poker_algo] result1 = 16
base[0] = 2 ,base[1] = 2 ,base[2] = 2 ,base[3] = 5 ,base[4] = 7 ,
find[0] = 1 ,find[1] = 1 ,find[2] = 1 ,
len2 = 3
base[0] = 2 ,base[1] = 2 ,base[2] = 2 ,base[3] = 5 ,base[4] = 7 ,
find[0] = 2 ,find[1] = 2 ,find[2] = 2 ,
len2 = 3
finded ,four poker from 3 pub,value = 2
[fast_poker_algo] result2 = 18
loc = 0
give_result = 18,result = 18
Success,Success... count = 32
count_result_type[0] = 0 ,count_result_type[1] = 0 ,count_result_type[2] = 0 ,count_result_type[3] = 0 ,count_result_type[4] = 0 ,count_result_type[5] = 0 ,count_result_type[6] = 6 ,count_result_type[7] = 0 ,count_result_type[8] = 26 ,count_result_type[9] = 0 ,count_result_type[10] = 0 ,
best_chance[0] .value = 1,.color = s
best_chance[1] .value = 2,.color = s
best_chance[2] .value = 2,.color = s
best_chance[3] .value = 2,.color = s
best_chance[4] .value = 2,.color = s

2:s,2:s,2:s,5:s,1:s,2:s,7:s;0#
pub[0],value = 1,color = s
pub[1],value = 2,color = s
pub[2],value = 2,color = s
pub[3],value = 5,color = s
pub[4],value = 7,color = s
poker[0] = 1 ,poker[1] = 2 ,poker[2] = 2 ,poker[3] = 5 ,poker[4] = 7 ,
poker[0] = 1 ,poker[1] = 2 ,poker[2] = 2 ,poker[3] = 5 ,poker[4] = 7 ,
is none-straight, just color ,count = 5
[fast_poker_algo] result1 = 16
base[0] = 1 ,base[1] = 2 ,base[2] = 2 ,base[3] = 5 ,base[4] = 7 ,
find[0] = 2 ,find[1] = 2 ,
len2 = 2
finded ,four poker
[fast_poker_algo] result2 = 18
loc = 0
loc = 3
loc = 3
give_result = 18,result = 18
Success,Success... count = 33
count_result_type[0] = 0 ,count_result_type[1] = 0 ,count_result_type[2] = 0 ,count_result_type[3] = 0 ,count_result_type[4] = 0 ,count_result_type[5] = 0 ,count_result_type[6] = 6 ,count_result_type[7] = 0 ,count_result_type[8] = 27 ,count_result_type[9] = 0 ,count_result_type[10] = 0 ,
best_chance[0] .value = 2,.color = s
best_chance[1] .value = 2,.color = s
best_chance[2] .value = 2,.color = s
best_chance[3] .value = 2,.color = s
best_chance[4] .value = 7,.color = s

5:s,2:s,2:s,2:s,1:s,2:s,7:s;0#
pub[0],value = 1,color = s
pub[1],value = 2,color = s
pub[2],value = 2,color = s
pub[3],value = 2,color = s
pub[4],value = 7,color = s
poker[0] = 1 ,poker[1] = 2 ,poker[2] = 2 ,poker[3] = 2 ,poker[4] = 7 ,
poker[0] = 1 ,poker[1] = 2 ,poker[2] = 2 ,poker[3] = 2 ,poker[4] = 7 ,
base[0] = 1 ,base[1] = 2 ,base[2] = 2 ,base[3] = 2 ,base[4] = 7 ,
find[0] = 3 ,find[1] = 4 ,
len2 = 2
not have mid...
is none-straight, just color ,count = 5
[fast_poker_algo] result1 = 16
base[0] = 1 ,base[1] = 2 ,base[2] = 2 ,base[3] = 2 ,base[4] = 7 ,
find[0] = 5 ,find[1] = 5 ,find[2] = 5 ,
len2 = 3
base[0] = 1 ,base[1] = 2 ,base[2] = 2 ,base[3] = 2 ,base[4] = 7 ,
find[0] = 2 ,find[1] = 2 ,find[2] = 2 ,
len2 = 3
finded ,four poker from 3 pub,value = 2
[fast_poker_algo] result2 = 18
loc = 3
give_result = 18,result = 18
Success,Success... count = 34
count_result_type[0] = 0 ,count_result_type[1] = 0 ,count_result_type[2] = 0 ,count_result_type[3] = 0 ,count_result_type[4] = 0 ,count_result_type[5] = 0 ,count_result_type[6] = 6 ,count_result_type[7] = 0 ,count_result_type[8] = 28 ,count_result_type[9] = 0 ,count_result_type[10] = 0 ,
best_chance[0] .value = 2,.color = s
best_chance[1] .value = 2,.color = s
best_chance[2] .value = 2,.color = s
best_chance[3] .value = 2,.color = s
best_chance[4] .value = 5,.color = s

2:s,5:s,2:s,1:s,2:s,2:s,7:s;0#
pub[0],value = 1,color = s
pub[1],value = 2,color = s
pub[2],value = 2,color = s
pub[3],value = 2,color = s
pub[4],value = 7,color = s
poker[0] = 1 ,poker[1] = 2 ,poker[2] = 2 ,poker[3] = 2 ,poker[4] = 7 ,
poker[0] = 1 ,poker[1] = 2 ,poker[2] = 2 ,poker[3] = 2 ,poker[4] = 7 ,
base[0] = 1 ,base[1] = 2 ,base[2] = 2 ,base[3] = 2 ,base[4] = 7 ,
find[0] = 3 ,find[1] = 4 ,
len2 = 2
not have mid...
is none-straight, just color ,count = 5
[fast_poker_algo] result1 = 16
base[0] = 1 ,base[1] = 2 ,base[2] = 2 ,base[3] = 2 ,base[4] = 7 ,
find[0] = 5 ,find[1] = 5 ,find[2] = 5 ,
len2 = 3
base[0] = 1 ,base[1] = 2 ,base[2] = 2 ,base[3] = 2 ,base[4] = 7 ,
find[0] = 2 ,find[1] = 2 ,find[2] = 2 ,
len2 = 3
finded ,four poker from 3 pub,value = 2
[fast_poker_algo] result2 = 18
loc = 3
give_result = 18,result = 18
Success,Success... count = 35
count_result_type[0] = 0 ,count_result_type[1] = 0 ,count_result_type[2] = 0 ,count_result_type[3] = 0 ,count_result_type[4] = 0 ,count_result_type[5] = 0 ,count_result_type[6] = 6 ,count_result_type[7] = 0 ,count_result_type[8] = 29 ,count_result_type[9] = 0 ,count_result_type[10] = 0 ,
best_chance[0] .value = 2,.color = s
best_chance[1] .value = 2,.color = s
best_chance[2] .value = 2,.color = s
best_chance[3] .value = 2,.color = s
best_chance[4] .value = 5,.color = s

main(line:330),......END....
